Removed Pin From Net: NetName=+3V3 Pin=X?-1
Removed Pin From Net: NetName=+3V3 Pin=X?-2
Removed Pin From Net: NetName=JNTRST Pin=X?-3
Remove Pin from Net: Failed to remove Pin
Remove Pin from Net: Failed to remove Pin
Remove Pin from Net: Failed to remove Pin
Remove Pin from Net: Failed to remove Pin
Remove Pin from Net: Failed to remove Pin
Remove Pin from Net: Failed to remove Pin
Remove Pin from Net: Failed to remove Pin
Remove Pin from Net: Failed to remove Pin
Remove Pin from Net: Failed to remove Pin
Remove Pin from Net: Failed to remove Pin
Remove Pin from Net: Failed to remove Pin
Remove Pin from Net: Failed to remove Pin
Remove Pin from Net: Failed to remove Pin
Removed Member From Class: ClassName=microcontroller Member=C?
Removed Member From Class: ClassName=microcontroller Member=IC?
Removed Member From Class: ClassName=microcontroller Member=R?
Removed Member From Class: ClassName=microcontroller Member=X?
Change Component Designator: OldDesignator=C? NewDesignator=C1
Change Component Designator: OldDesignator=C? NewDesignator=C2
Change Component Designator: OldDesignator=C? NewDesignator=C3
Change Component Designator: OldDesignator=C? NewDesignator=C4
Change Component Designator: OldDesignator=C? NewDesignator=C5
Change Component Designator: OldDesignator=C? NewDesignator=C6
Change Component Designator: OldDesignator=C? NewDesignator=C7
Change Component Designator: OldDesignator=C? NewDesignator=C8
Change Component Designator: OldDesignator=C? NewDesignator=C9
Change Component Designator: OldDesignator=IC? NewDesignator=IC1
Change Component Designator: OldDesignator=IC? NewDesignator=IC2
Change Component Designator: OldDesignator=IC? NewDesignator=IC3
Change Component Designator: OldDesignator=J? NewDesignator=J1
Change Component Designator: OldDesignator=R? NewDesignator=R1
Change Component Designator: OldDesignator=R? NewDesignator=R2
Change Component Designator: OldDesignator=R? NewDesignator=R3
Change Component Designator: OldDesignator=R? NewDesignator=R4
Change Component Designator: OldDesignator=R? NewDesignator=R5
Change Component Designator: OldDesignator=R? NewDesignator=R6
Change Component Designator: OldDesignator=R? NewDesignator=R7
Change Component Designator: OldDesignator=R? NewDesignator=R8
Change Component Designator: OldDesignator=R? NewDesignator=R9
Change Component Designator: OldDesignator=R? NewDesignator=R10
Change Component Designator: OldDesignator=R? NewDesignator=R11
Change Component Designator: OldDesignator=R? NewDesignator=R12
Change Component Designator: OldDesignator=R? NewDesignator=R13
Change Component Designator: OldDesignator=R? NewDesignator=R14
Change Component Designator: OldDesignator=R? NewDesignator=R15
Change Component Designator: OldDesignator=R? NewDesignator=R16
Change Component Designator: OldDesignator=R? NewDesignator=R17
Change Component Designator: OldDesignator=X? NewDesignator=X1
Add Component: Footprint Not Found ABM3B
Add Component: Footprint Not Found B3F-10XX
Add Pin To Net: Unknown Pin: Pin Q1-P$1
Add Pin To Net: Unknown Pin: Pin Q1-P$2
Add Pin To Net: Unknown Pin: Pin Q1-P$4
Add Pin To Net: Unknown Pin: Pin S1-1
Add Pin To Net: Unknown Pin: Pin S1-2
Add Pin To Net: Unknown Pin: Pin S1-3
Add Pin To Net: Unknown Pin: Pin S1-4
Added Pin To Net: NetName=+3V3 Pin=X1-1
Added Pin To Net: NetName=+3V3 Pin=X1-2
Added Pin To Net: NetName=JNTRST Pin=X1-3
Added Pin To Net: NetName=DGND Pin=X1-4
Added Pin To Net: NetName=JTDI Pin=X1-5
Added Pin To Net: NetName=DGND Pin=X1-6
Added Pin To Net: NetName=JTMS Pin=X1-7
Added Pin To Net: NetName=DGND Pin=X1-8
Added Pin To Net: NetName=JTCLK Pin=X1-9
Added Pin To Net: NetName=DGND Pin=X1-10
Added Pin To Net: NetName=DGND Pin=X1-12
Added Pin To Net: NetName=JTDO Pin=X1-13
Added Pin To Net: NetName=DGND Pin=X1-14
Added Pin To Net: NetName=RESET Pin=X1-15
Added Pin To Net: NetName=DGND Pin=X1-16
Added Pin To Net: NetName=DGND Pin=X1-18
Change Net Name : Old Net Name=NetC?_1 New Net Name=NetC8_1
Added Pin To Net: NetName=NetC9_1 Pin=C9-1
Added Pin To Net: NetName=NetC9_1 Pin=IC1-24
Added Pin To Net: NetName=NetC9_1 Pin=R10-1
Added Net: Name=NetC9_1
Added Pin To Net: NetName=NetR5_2 Pin=R5-2
Added Pin To Net: NetName=NetR5_2 Pin=X1-11
Added Net: Name=NetR5_2
Added Pin To Net: NetName=NetR8_2 Pin=R8-2
Added Pin To Net: NetName=NetR8_2 Pin=X1-17
Added Net: Name=NetR8_2
Added Pin To Net: NetName=NetR9_2 Pin=R9-2
Added Pin To Net: NetName=NetR9_2 Pin=X1-19
Added Net: Name=NetR9_2
Added Member To Class: ClassName=memory Member=Component C1 4.7u
Added Member To Class: ClassName=memory Member=Component C3 Capacitor
Added Member To Class: ClassName=memory Member=Component C4 Capacitor
Added Member To Class: ClassName=memory Member=Component C5 4.7u
Added Member To Class: ClassName=memory Member=Component C6 Capacitor
Added Member To Class: ClassName=microcontroller Member=Component C7 100n
Added Member To Class: ClassName=microcontroller Member=Component C8 20p
Added Member To Class: ClassName=microcontroller Member=Component C9 20p
Added Member To Class: ClassName=microcontroller Member=Component IC1 STM32H5E5ZJT6
Added Member To Class: ClassName=memory Member=Component IC3 TLV320AIC3104IRHBT
Add Class Member: Failed to add class member : Component Q1 ABM3B
Added Member To Class: ClassName=microcontroller Member=Component R1 10k
Added Member To Class: ClassName=microcontroller Member=Component R2 10k
Added Member To Class: ClassName=microcontroller Member=Component R3 10k
Added Member To Class: ClassName=microcontroller Member=Component R4 10k
Added Member To Class: ClassName=microcontroller Member=Component R5 10k
Added Member To Class: ClassName=microcontroller Member=Component R6 10k
Added Member To Class: ClassName=microcontroller Member=Component R7 10k
Added Member To Class: ClassName=microcontroller Member=Component R8 10k
Added Member To Class: ClassName=microcontroller Member=Component R9 10k
Added Member To Class: ClassName=microcontroller Member=Component R10 1M
Added Member To Class: ClassName=memory Member=Component R11 10k
Added Member To Class: ClassName=memory Member=Component R12 10k
Added Member To Class: ClassName=memory Member=Component R13 47k
Added Member To Class: ClassName=memory Member=Component R15 47k
Added Member To Class: ClassName=memory Member=Component R16 47k
Added Member To Class: ClassName=memory Member=Component R17 47k
Add Class Member: Failed to add class member : Component S1 10-XX
Added Member To Class: ClassName=microcontroller Member=Component X1 2520-
Added Room: Name=microcontroller
